\BOOKMARK [0][-]{chapter.1}{\376\377\000G\000I\036\332\000I\000\040\000T\000H\000I\036\306\000U\000\040\001\020\036\300\000\040\000T\000\300\000I}{}% 1
\BOOKMARK [1][-]{section.1.1}{\376\377\001\020\036\267\000t\000\040\000v\036\245\000n\000\040\001\021\036\301}{chapter.1}% 2
\BOOKMARK [1][-]{section.1.2}{\376\377\000M\036\345\000c\000\040\000t\000i\000\352\000u\000\040\000v\000\340\000\040\000p\000h\036\241\000m\000\040\000v\000i\000\040\001\021\036\301\000\040\000t\000\340\000i}{chapter.1}% 3
\BOOKMARK [1][-]{section.1.3}{\376\377\001\020\036\313\000n\000h\000\040\000h\001\260\036\333\000n\000g\000\040\000g\000i\036\243\000i\000\040\000p\000h\000\341\000p}{chapter.1}% 4
\BOOKMARK [1][-]{section.1.4}{\376\377\000B\036\321\000\040\000c\036\345\000c\000\040\001\021\036\323\000\040\000\341\000n}{chapter.1}% 5
\BOOKMARK [0][-]{chapter.2}{\376\377\000K\000H\036\242\000O\000\040\000S\000\301\000T\000\040\000V\000\300\000\040\000P\000H\000\302\000N\000\040\000T\000\315\000C\000H\000\040\000Y\000\312\000U\000\040\000C\036\246\000U}{}% 6
\BOOKMARK [1][-]{section.2.1}{\376\377\000K\000h\036\243\000o\000\040\000s\000\341\000t\000\040\000h\000i\036\307\000n\000\040\000t\000r\036\241\000n\000g}{chapter.2}% 7
\BOOKMARK [2][-]{subsection.2.1.1}{\376\377\000K\000h\036\243\000o\000\040\000s\000\341\000t\000\040\000n\000h\000u\000\040\000c\036\247\000u\000\040\000n\000g\001\260\036\335\000i\000\040\000d\000\371\000n\000g}{section.2.1}% 8
\BOOKMARK [2][-]{subsection.2.1.2}{\376\377\000K\000h\036\243\000o\000\040\000s\000\341\000t\000\040\000c\000\341\000c\000\040\000h\036\307\000\040\000t\000h\036\321\000n\000g\000\040\000W\000A\000F\000\040\000h\000i\036\307\000n\000\040\000c\000\363}{section.2.1}% 9
\BOOKMARK [1][-]{section.2.2}{\376\377\000T\036\325\000n\000g\000\040\000q\000u\000a\000n\000\040\000c\000h\036\351\000c\000\040\000n\001\003\000n\000g}{chapter.2}% 10
\BOOKMARK [2][-]{subsection.2.2.1}{\376\377\000B\000i\036\303\000u\000\040\001\021\036\323\000\040\000c\000a\000\040\000s\036\355\000\040\000d\036\345\000n\000g\000\040\000t\036\325\000n\000g\000\040\000q\000u\000\341\000t}{section.2.2}% 11
\BOOKMARK [2][-]{subsection.2.2.2}{\376\377\000C\000a\000\040\000s\036\355\000\040\000d\036\345\000n\000g\000:\000\040\000K\000i\036\303\000m\000\040\000t\000r\000a\000\040\000v\000\340\000\040\000l\036\315\000c\000\040\000r\000e\000q\000u\000e\000s\000t\000\040\000H\000T\000T\000P}{section.2.2}% 12
\BOOKMARK [2][-]{subsection.2.2.3}{\376\377\000C\000a\000\040\000s\036\355\000\040\000d\036\345\000n\000g\000:\000\040\000Q\000u\036\243\000n\000\040\000l\000\375\000\040\000l\000u\036\255\000t\000\040\000\050\000R\000u\000l\000e\000\040\000M\000a\000n\000a\000g\000e\000m\000e\000n\000t\000\051}{section.2.2}% 13
\BOOKMARK [2][-]{subsection.2.2.4}{\376\377\000C\000a\000\040\000s\036\355\000\040\000d\036\345\000n\000g\000:\000\040\000G\000i\000\341\000m\000\040\000s\000\341\000t\000\040\000v\000\340\000\040\000x\000e\000m\000\040\000l\000o\000g}{section.2.2}% 14
\BOOKMARK [2][-]{subsection.2.2.5}{\376\377\000C\000a\000\040\000s\036\355\000\040\000d\036\345\000n\000g\000:\000\040\000Q\000u\036\243\000n\000\040\000l\000\375\000\040\000I\000P\000\040\000\050\000B\000l\000a\000c\000k\000l\000i\000s\000t\000\040\000/\000\040\000W\000h\000i\000t\000e\000l\000i\000s\000t\000\051}{section.2.2}% 15
\BOOKMARK [2][-]{subsection.2.2.6}{\376\377\000C\000a\000\040\000s\036\355\000\040\000d\036\345\000n\000g\000:\000\040\000C\036\245\000u\000\040\000h\000\354\000n\000h\000\040\000h\036\307\000\040\000t\000h\036\321\000n\000g}{section.2.2}% 16
\BOOKMARK [2][-]{subsection.2.2.7}{\376\377\000C\000a\000\040\000s\036\355\000\040\000d\036\345\000n\000g\000:\000\040\000C\036\243\000n\000h\000\040\000b\000\341\000o\000\040\000s\036\361\000\040\000k\000i\036\307\000n\000\040\000b\036\243\000o\000\040\000m\036\255\000t\000\040\000\050\000A\000l\000e\000r\000t\000\040\000/\000\040\000N\000o\000t\000i\000f\000i\000c\000a\000t\000i\000o\000n\000\051}{section.2.2}% 17
\BOOKMARK [2][-]{subsection.2.2.8}{\376\377\000C\000a\000\040\000s\036\355\000\040\000d\036\345\000n\000g\000:\000\040\000X\000\341\000c\000\040\000t\000h\036\361\000c\000\040\000v\000\340\000\040\001\021\001\003\000n\000g\000\040\000k\000\375\000\040\000t\000\340\000i\000\040\000k\000h\000o\036\243\000n}{section.2.2}% 18
\BOOKMARK [2][-]{subsection.2.2.9}{\376\377\000C\000a\000\040\000s\036\355\000\040\000d\036\345\000n\000g\000:\000\040\000Q\000u\036\243\000n\000\040\000l\000\375\000\040\000t\000\340\000i\000\040\000k\000h\000o\036\243\000n\000\040\000c\000\341\000\040\000n\000h\000\342\000n\000\040\000\050\000A\000c\000c\000o\000u\000n\000t\000\040\000S\000e\000t\000t\000i\000n\000g\000s\000\051}{section.2.2}% 19
\BOOKMARK [2][-]{subsection.2.2.10}{\376\377\000C\000a\000\040\000s\036\355\000\040\000d\036\345\000n\000g\000:\000\040\000Q\000u\036\243\000n\000\040\000t\000r\036\313\000\040\000n\000g\001\260\036\335\000i\000\040\000d\000\371\000n\000g\000\040\000\050\000A\000d\000m\000i\000n\000\040\000U\000s\000e\000r\000\040\000M\000a\000n\000a\000g\000e\000m\000e\000n\000t\000\051}{section.2.2}% 20
\BOOKMARK [1][-]{section.2.3}{\376\377\001\020\036\267\000c\000\040\000t\036\243\000\040\000c\000h\036\351\000c\000\040\000n\001\003\000n\000g}{chapter.2}% 21
\BOOKMARK [2][-]{subsection.2.3.1}{\376\377\001\020\036\267\000c\000\040\000t\036\243\000:\000\040\000K\000i\036\303\000m\000\040\000t\000r\000a\000\040\000r\000e\000q\000u\000e\000s\000t\000\040\000v\000\340\000\040\001\021\001\260\000a\000\040\000r\000a\000\040\000q\000u\000y\036\277\000t\000\040\001\021\036\313\000n\000h}{section.2.3}% 22
\BOOKMARK [2][-]{subsection.2.3.2}{\376\377\001\020\036\267\000c\000\040\000t\036\243\000:\000\040\000X\036\355\000\040\000l\000\375\000\040\000a\000n\000o\000m\000a\000l\000y\000\040\000s\000c\000o\000r\000i\000n\000g\000\040\000v\000\340\000\040\000M\000L\000\040\000g\000r\000a\000y\000-\000z\000o\000n\000e\000\040\000c\000o\000n\000f\000i\000r\000m}{section.2.3}% 23
\BOOKMARK [2][-]{subsection.2.3.3}{\376\377\001\020\036\267\000c\000\040\000t\036\243\000:\000\040\000R\000a\000t\000e\000\040\000L\000i\000m\000i\000t\000i\000n\000g}{section.2.3}% 24
\BOOKMARK [2][-]{subsection.2.3.4}{\376\377\001\020\036\267\000c\000\040\000t\036\243\000:\000\040\000C\036\243\000n\000h\000\040\000b\000\341\000o\000\040\000s\036\361\000\040\000k\000i\036\307\000n\000\040\000b\036\243\000o\000\040\000m\036\255\000t}{section.2.3}% 25
\BOOKMARK [2][-]{subsection.2.3.5}{\376\377\001\020\036\267\000c\000\040\000t\036\243\000:\000\040\000A\000u\000d\000i\000t\000\040\000L\000o\000g\000g\000i\000n\000g}{section.2.3}% 26
\BOOKMARK [1][-]{section.2.4}{\376\377\000Y\000\352\000u\000\040\000c\036\247\000u\000\040\000p\000h\000i\000\040\000c\000h\036\351\000c\000\040\000n\001\003\000n\000g}{chapter.2}% 27
\BOOKMARK [0][-]{chapter.3}{\376\377\000N\036\300\000N\000\040\000T\036\242\000N\000G\000\040\000L\000\335\000\040\000T\000H\000U\000Y\036\276\000T\000\040\000V\000\300\000\040\000C\000\324\000N\000G\000\040\000N\000G\000H\036\306\000\040\000S\036\354\000\040\000D\036\344\000N\000G}{}% 28
\BOOKMARK [1][-]{section.3.1}{\376\377\000G\000o\000\040\000\050\000G\000o\000l\000a\000n\000g\000\051\000\040\040\023\000\040\000N\036\301\000n\000\040\000t\036\243\000n\000g\000\040\000x\000\342\000y\000\040\000d\036\361\000n\000g\000\040\000W\000A\000F\000\040\000c\000o\000r\000e}{chapter.3}% 29
\BOOKMARK [2][-]{subsection.3.1.1}{\376\377\000K\000h\000\341\000i\000\040\000q\000u\000\341\000t}{section.3.1}% 30
\BOOKMARK [2][-]{subsection.3.1.2}{\376\377\000V\000a\000i\000\040\000t\000r\000\362\000\040\000t\000r\000o\000n\000g\000\040\000h\036\307\000\040\000t\000h\036\321\000n\000g}{section.3.1}% 31
\BOOKMARK [2][-]{subsection.3.1.3}{\376\377\000L\000\375\000\040\000d\000o\000\040\000l\036\361\000a\000\040\000c\000h\036\315\000n}{section.3.1}% 32
\BOOKMARK [1][-]{section.3.2}{\376\377\000R\000u\000l\000e\000\040\000E\000n\000g\000i\000n\000e\000\040\000v\000\340\000\040\000O\000W\000A\000S\000P\000\040\000C\000R\000S\000\040\040\023\000\040\000C\001\241\000\040\000s\036\337\000\040\000p\000h\000\341\000t\000\040\000h\000i\036\307\000n\000\040\000d\036\361\000a\000\040\000t\000r\000\352\000n\000\040\000l\000u\036\255\000t}{chapter.3}% 33
\BOOKMARK [2][-]{subsection.3.2.1}{\376\377\000K\000h\000\341\000i\000\040\000q\000u\000\341\000t\000\040\000c\001\241\000\040\000c\000h\036\277\000\040\000r\000u\000l\000e\000-\000b\000a\000s\000e\000d\000\040\000d\000e\000t\000e\000c\000t\000i\000o\000n}{section.3.2}% 34
\BOOKMARK [2][-]{subsection.3.2.2}{\376\377\000C\036\245\000u\000\040\000t\000r\000\372\000c\000\040\000r\000u\000l\000e\000\040\000J\000S\000O\000N}{section.3.2}% 35
\BOOKMARK [2][-]{subsection.3.2.3}{\376\377\000B\036\331\000\040\000l\000u\036\255\000t\000\040\0007\0008\000\040\000r\000u\000l\000e\000s\000\040\000/\000\040\0001\0003\000\040\000n\000h\000\363\000m}{section.3.2}% 36
\BOOKMARK [1][-]{section.3.3}{\376\377\000D\000i\000s\000t\000i\000l\000B\000E\000R\000T\000\040\040\023\000\040\000M\000\364\000\040\000h\000\354\000n\000h\000\040\000p\000h\000\342\000n\000\040\000l\000o\036\241\000i\000\040\000t\036\245\000n\000\040\000c\000\364\000n\000g}{chapter.3}% 37
\BOOKMARK [2][-]{subsection.3.3.1}{\376\377\000K\000h\000\341\000i\000\040\000q\000u\000\341\000t\000\040\000k\000i\036\277\000n\000\040\000t\000r\000\372\000c\000\040\000T\000r\000a\000n\000s\000f\000o\000r\000m\000e\000r\000\040\000v\000\340\000\040\000B\000E\000R\000T}{section.3.3}% 38
\BOOKMARK [2][-]{subsection.3.3.2}{\376\377\000F\000i\000n\000e\000-\000t\000u\000n\000i\000n\000g\000\040\000c\000h\000o\000\040\000b\000\340\000i\000\040\000t\000o\000\341\000n\000\040\000p\000h\000\342\000n\000\040\000l\000o\036\241\000i\000\040\000H\000T\000T\000P\000\040\000r\000e\000q\000u\000e\000s\000t}{section.3.3}% 39
\BOOKMARK [2][-]{subsection.3.3.3}{\376\377\000L\000\375\000\040\000d\000o\000\040\000l\036\361\000a\000\040\000c\000h\036\315\000n}{section.3.3}% 40
\BOOKMARK [1][-]{section.3.4}{\376\377\000F\000a\000s\000t\000A\000P\000I\000\040\000v\000\340\000\040\000P\000y\000t\000h\000o\000n\000\040\040\023\000\040\000M\000L\000\040\000I\000n\000f\000e\000r\000e\000n\000c\000e\000\040\000S\000e\000r\000v\000i\000c\000e}{chapter.3}% 41
\BOOKMARK [2][-]{subsection.3.4.1}{\376\377\000K\000h\000\341\000i\000\040\000q\000u\000\341\000t}{section.3.4}% 42
\BOOKMARK [2][-]{subsection.3.4.2}{\376\377\000V\000a\000i\000\040\000t\000r\000\362\000\040\000t\000r\000o\000n\000g\000\040\000h\036\307\000\040\000t\000h\036\321\000n\000g}{section.3.4}% 43
\BOOKMARK [1][-]{section.3.5}{\376\377\000P\000o\000s\000t\000g\000r\000e\000S\000Q\000L\000\040\040\023\000\040\000L\001\260\000u\000\040\000t\000r\036\357\000\040\000l\000o\000g\000s\000,\000\040\000u\000s\000e\000r\000s\000,\000\040\000c\036\245\000u\000\040\000h\000\354\000n\000h}{chapter.3}% 44
\BOOKMARK [2][-]{subsection.3.5.1}{\376\377\000K\000h\000\341\000i\000\040\000q\000u\000\341\000t}{section.3.5}% 45
\BOOKMARK [2][-]{subsection.3.5.2}{\376\377\000V\000a\000i\000\040\000t\000r\000\362\000\040\000t\000r\000o\000n\000g\000\040\000h\036\307\000\040\000t\000h\036\321\000n\000g}{section.3.5}% 46
\BOOKMARK [2][-]{subsection.3.5.3}{\376\377\000S\000c\000h\000e\000m\000a\000\040\000c\000h\000\355\000n\000h}{section.3.5}% 47
\BOOKMARK [1][-]{section.3.6}{\376\377\000J\000W\000T\000\040\000v\000\340\000\040\000B\000c\000r\000y\000p\000t\000\040\040\023\000\040\000X\000\341\000c\000\040\000t\000h\036\361\000c\000\040\000v\000\340\000\040\000b\036\243\000o\000\040\000m\036\255\000t}{chapter.3}% 48
\BOOKMARK [2][-]{subsection.3.6.1}{\376\377\000J\000W\000T\000:\000\040\000x\000\341\000c\000\040\000t\000h\036\361\000c\000\040\000k\000h\000\364\000n\000g\000\040\000t\000r\036\241\000n\000g\000\040\000t\000h\000\341\000i\000\040\000v\036\333\000i\000\040\000d\000u\000a\000l\000-\000m\000o\000d\000e\000\040\000d\000e\000l\000i\000v\000e\000r\000y}{section.3.6}% 49
\BOOKMARK [2][-]{subsection.3.6.2}{\376\377\000B\000c\000r\000y\000p\000t\000:\000\040\000h\000a\000s\000h\000i\000n\000g\000\040\000m\036\255\000t\000\040\000k\000h\036\251\000u\000\040\000v\036\333\000i\000\040\000c\000o\000s\000t\000\040\000f\000a\000c\000t\000o\000r}{section.3.6}% 50
\BOOKMARK [2][-]{subsection.3.6.3}{\376\377\000R\000B\000A\000C\000:\000\040\000b\000a\000\040\000v\000a\000i\000\040\000t\000r\000\362\000\040\000a\000d\000m\000i\000n\000\040\000/\000\040\000e\000d\000i\000t\000o\000r\000\040\000/\000\040\000v\000i\000e\000w\000e\000r}{section.3.6}% 51
\BOOKMARK [1][-]{section.3.7}{\376\377\000T\000o\000k\000e\000n\000\040\000B\000u\000c\000k\000e\000t\000\040\040\023\000\040\000T\000h\000u\036\255\000t\000\040\000t\000o\000\341\000n\000\040\000R\000a\000t\000e\000\040\000L\000i\000m\000i\000t\000i\000n\000g}{chapter.3}% 52
\BOOKMARK [2][-]{subsection.3.7.1}{\376\377\000K\000h\000\341\000i\000\040\000q\000u\000\341\000t\000\040\000T\000o\000k\000e\000n\000\040\000B\000u\000c\000k\000e\000t}{section.3.7}% 53
\BOOKMARK [2][-]{subsection.3.7.2}{\376\377\000S\000o\000\040\000s\000\341\000n\000h\000\040\000v\036\333\000i\000\040\000c\000\341\000c\000\040\000t\000h\000u\036\255\000t\000\040\000t\000o\000\341\000n\000\040\000k\000h\000\341\000c}{section.3.7}% 54
\BOOKMARK [2][-]{subsection.3.7.3}{\376\377\000T\000\355\000c\000h\000\040\000h\036\343\000p\000\040\000v\000\340\000o\000\040\000m\000i\000d\000d\000l\000e\000w\000a\000r\000e\000\040\000s\000t\000a\000c\000k}{section.3.7}% 55
\BOOKMARK [1][-]{section.3.8}{\376\377\000D\000o\000c\000k\000e\000r\000\040\000v\000\340\000\040\000D\000o\000c\000k\000e\000r\000\040\000C\000o\000m\000p\000o\000s\000e\000\040\040\023\000\040\001\020\000\363\000n\000g\000\040\000g\000\363\000i\000\040\000v\000\340\000\040\000t\000r\000i\036\303\000n\000\040\000k\000h\000a\000i}{chapter.3}% 56
\BOOKMARK [2][-]{subsection.3.8.1}{\376\377\000C\000o\000n\000t\000a\000i\000n\000e\000r\000i\000z\000a\000t\000i\000o\000n\000\040\000c\000\341\000c\000\040\000t\000h\000\340\000n\000h\000\040\000p\000h\036\247\000n}{section.3.8}% 57
\BOOKMARK [2][-]{subsection.3.8.2}{\376\377\000D\000o\000c\000k\000e\000r\000\040\000C\000o\000m\000p\000o\000s\000e\000\040\000o\000n\000e\000-\000c\000o\000m\000m\000a\000n\000d\000\040\000d\000e\000p\000l\000o\000y\000m\000e\000n\000t}{section.3.8}% 58
\BOOKMARK [2][-]{subsection.3.8.3}{\376\377\000L\000\375\000\040\000d\000o\000\040\000l\036\361\000a\000\040\000c\000h\036\315\000n}{section.3.8}% 59
\BOOKMARK [0][-]{chapter.4}{\376\377\000T\000H\000I\036\276\000T\000\040\000K\036\276\000,\000\040\000T\000R\000I\036\302\000N\000\040\000K\000H\000A\000I\000\040\000V\000\300\000\040\000K\036\276\000T\000\040\000Q\000U\036\242\000\040\000T\000H\036\360\000C\000\040\000N\000G\000H\000I\036\306\000M}{}% 60
\BOOKMARK [1][-]{section.4.1}{\376\377\000K\000i\036\277\000n\000\040\000t\000r\000\372\000c\000\040\000t\036\325\000n\000g\000\040\000q\000u\000a\000n\000\040\000h\036\307\000\040\000t\000h\036\321\000n\000g}{chapter.4}% 61
\BOOKMARK [2][-]{subsection.4.1.1}{\376\377\000S\001\241\000\040\001\021\036\323\000\040\000k\000i\036\277\000n\000\040\000t\000r\000\372\000c\000\040\000t\036\325\000n\000g\000\040\000t\000h\036\303}{section.4.1}% 62
\BOOKMARK [2][-]{subsection.4.1.2}{\376\377\000L\000u\036\323\000n\000g\000\040\000x\036\355\000\040\000l\000\375\000\040\000r\000e\000q\000u\000e\000s\000t}{section.4.1}% 63
\BOOKMARK [2][-]{subsection.4.1.3}{\376\377\000C\000\341\000c\000\040\000t\000h\000\340\000n\000h\000\040\000p\000h\036\247\000n\000\040\000c\000h\000\355\000n\000h\000\040\000v\000\340\000\040\000t\001\260\001\241\000n\000g\000\040\000t\000\341\000c}{section.4.1}% 64
\BOOKMARK [1][-]{section.4.2}{\376\377\000T\000h\000i\036\277\000t\000\040\000k\036\277\000\040\000v\000\340\000\040\000t\000r\000i\036\303\000n\000\040\000k\000h\000a\000i\000\040\000R\000u\000l\000e\000\040\000E\000n\000g\000i\000n\000e}{chapter.4}% 65
\BOOKMARK [2][-]{subsection.4.2.1}{\376\377\000C\036\245\000u\000\040\000t\000r\000\372\000c\000\040\000d\036\357\000\040\000l\000i\036\307\000u\000\040\000R\000u\000l\000e}{section.4.2}% 66
\BOOKMARK [2][-]{subsection.4.2.2}{\376\377\000T\000r\000a\000n\000s\000f\000o\000r\000m\000\040\000c\000h\000a\000i\000n}{section.4.2}% 67
\BOOKMARK [2][-]{subsection.4.2.3}{\376\377\000P\000a\000t\000t\000e\000r\000n\000\040\000m\000a\000t\000c\000h\000i\000n\000g}{section.4.2}% 68
\BOOKMARK [2][-]{subsection.4.2.4}{\376\377\000A\000n\000o\000m\000a\000l\000y\000\040\000s\000c\000o\000r\000i\000n\000g\000\040\000v\000\340\000\040\000q\000u\000y\036\277\000t\000\040\001\021\036\313\000n\000h}{section.4.2}% 69
\BOOKMARK [2][-]{subsection.4.2.5}{\376\377\000B\036\331\000\040\000l\000u\036\255\000t\000\040\0007\0008\000\040\000r\000u\000l\000e\000s}{section.4.2}% 70
\BOOKMARK [1][-]{section.4.3}{\376\377\000T\000h\000i\036\277\000t\000\040\000k\036\277\000\040\000v\000\340\000\040\000t\000r\000i\036\303\000n\000\040\000k\000h\000a\000i\000\040\000M\000L\000\040\000L\000a\000y\000e\000r}{chapter.4}% 71
\BOOKMARK [2][-]{subsection.4.3.1}{\376\377\000K\000i\036\277\000n\000\040\000t\000r\000\372\000c\000\040\000M\000L\000\040\000I\000n\000f\000e\000r\000e\000n\000c\000e\000\040\000S\000e\000r\000v\000i\000c\000e}{section.4.3}% 72
\BOOKMARK [2][-]{subsection.4.3.2}{\376\377\000C\001\241\000\040\000c\000h\036\277\000\040\000t\000\355\000c\000h\000\040\000h\036\343\000p\000\040\000v\000\340\000o\000\040\000R\000u\000l\000e\000\040\000E\000n\000g\000i\000n\000e\000\040\000\050\000m\000l\000\137\000h\000o\000o\000k\000.\000g\000o\000\051}{section.4.3}% 73
\BOOKMARK [2][-]{subsection.4.3.3}{\376\377\000C\000a\000n\000o\000n\000i\000c\000a\000l\000\040\000t\000e\000x\000t\000\040\000p\000r\000e\000p\000r\000o\000c\000e\000s\000s\000i\000n\000g}{section.4.3}% 74
\BOOKMARK [2][-]{subsection.4.3.4}{\376\377\000P\000i\000p\000e\000l\000i\000n\000e\000\040\000h\000u\036\245\000n\000\040\000l\000u\000y\036\307\000n\000\040\000v\000\340\000\040\000p\000h\000i\000\352\000n\000\040\000b\036\243\000n\000\040\000m\000o\000d\000e\000l}{section.4.3}% 75
\BOOKMARK [1][-]{section.4.4}{\376\377\000T\000h\000i\036\277\000t\000\040\000k\036\277\000\040\000c\001\241\000\040\000s\036\337\000\040\000d\036\357\000\040\000l\000i\036\307\000u}{chapter.4}% 76
\BOOKMARK [2][-]{subsection.4.4.1}{\376\377\000S\001\241\000\040\001\021\036\323\000\040\000E\000R\000D}{section.4.4}% 77
\BOOKMARK [2][-]{subsection.4.4.2}{\376\377\000B\036\243\000n\000g\000\040\000a\000u\000d\000i\000t\000\137\000l\000o\000g\000s}{section.4.4}% 78
\BOOKMARK [2][-]{subsection.4.4.3}{\376\377\000B\036\243\000n\000g\000\040\000u\000s\000e\000r\000s}{section.4.4}% 79
\BOOKMARK [1][-]{section.4.5}{\376\377\000G\000i\000a\000o\000\040\000d\000i\036\307\000n\000\040\000D\000a\000s\000h\000b\000o\000a\000r\000d}{chapter.4}% 80
\BOOKMARK [2][-]{subsection.4.5.1}{\376\377\000T\036\325\000n\000g\000\040\000q\000u\000a\000n\000\040\000g\000i\000a\000o\000\040\000d\000i\036\307\000n}{section.4.5}% 81
\BOOKMARK [2][-]{subsection.4.5.2}{\376\377\000C\000\341\000c\000\040\000m\000\340\000n\000\040\000h\000\354\000n\000h\000\040\000c\000h\000\355\000n\000h}{section.4.5}% 82
\BOOKMARK [2][-]{subsection.4.5.3}{\376\377\000H\036\307\000\040\000t\000h\036\321\000n\000g\000\040\000T\000h\000e\000m\000e\000\040\001\021\036\323\000n\000g\000\040\000n\000h\036\245\000t}{section.4.5}% 83
\BOOKMARK [1][-]{section.4.6}{\376\377\000K\000i\036\303\000m\000\040\000t\000h\036\355\000\040\000v\000\340\000\040\001\020\000\341\000n\000h\000\040\000g\000i\000\341}{chapter.4}% 84
\BOOKMARK [2][-]{subsection.4.6.1}{\376\377\000C\000h\000i\036\277\000n\000\040\000l\001\260\036\343\000c\000\040\000k\000i\036\303\000m\000\040\000t\000h\036\355}{section.4.6}% 85
\BOOKMARK [2][-]{subsection.4.6.2}{\376\377\000K\036\277\000t\000\040\000q\000u\036\243\000\040\000k\000i\036\303\000m\000\040\000t\000h\036\355\000\040\000R\000u\000l\000e\000\040\000E\000n\000g\000i\000n\000e}{section.4.6}% 86
\BOOKMARK [2][-]{subsection.4.6.3}{\376\377\000K\036\277\000t\000\040\000q\000u\036\243\000\040\000k\000i\036\303\000m\000\040\000t\000h\036\355\000\040\000M\000L\000\040\000M\000o\000d\000e\000l}{section.4.6}% 87
\BOOKMARK [2][-]{subsection.4.6.4}{\376\377\000K\036\277\000t\000\040\000q\000u\036\243\000\040\000k\000i\036\303\000m\000\040\000t\000h\036\355\000\040\000R\000a\000t\000e\000\040\000L\000i\000m\000i\000t\000i\000n\000g}{section.4.6}% 88
\BOOKMARK [2][-]{subsection.4.6.5}{\376\377\000K\000i\036\303\000m\000\040\000t\000h\036\355\000\040\000b\036\243\000o\000\040\000m\036\255\000t\000\040\000n\036\331\000i\000\040\000b\036\331\000\040\000\050\000a\000u\000t\000h\000/\000a\000u\000t\000h\000o\000r\000i\000z\000a\000t\000i\000o\000n\000\051}{section.4.6}% 89
\BOOKMARK [1][-]{section.4.7}{\376\377\000T\000r\000i\036\303\000n\000\040\000k\000h\000a\000i}{chapter.4}% 90
\BOOKMARK [2][-]{subsection.4.7.1}{\376\377\000Y\000\352\000u\000\040\000c\036\247\000u\000\040\000h\036\307\000\040\000t\000h\036\321\000n\000g}{section.4.7}% 91
\BOOKMARK [2][-]{subsection.4.7.2}{\376\377\000H\001\260\036\333\000n\000g\000\040\000d\036\253\000n\000\040\000t\000r\000i\036\303\000n\000\040\000k\000h\000a\000i\000\040\000\050\000D\000o\000c\000k\000e\000r\000\040\000C\000o\000m\000p\000o\000s\000e\000\051}{section.4.7}% 92
\BOOKMARK [2][-]{subsection.4.7.3}{\376\377\000C\036\245\000u\000\040\000t\000r\000\372\000c\000\040\000f\000i\000l\000e\000\040\000t\000r\000i\036\303\000n\000\040\000k\000h\000a\000i}{section.4.7}% 93
\BOOKMARK [0][-]{chapter.5}{\376\377\000C\000\301\000C\000\040\000G\000I\036\242\000I\000\040\000P\000H\000\301\000P\000\040\000V\000\300\000\040\001\020\000\323\000N\000G\000\040\000G\000\323\000P\000\040\000N\036\324\000I\000\040\000B\036\254\000T}{}% 94
\BOOKMARK [1][-]{section.5.1}{\376\377\000T\000h\000i\036\277\000t\000\040\000k\036\277\000\040\000c\001\241\000\040\000c\000h\036\277\000\040\000A\000n\000o\000m\000a\000l\000y\000\040\000S\000c\000o\000r\000i\000n\000g\000\040\000h\000a\000i\000\040\000l\036\333\000p\000\040\000\050\000R\000u\000l\000e\000\040\000+\000\040\000M\000L\000\051}{chapter.5}% 95
\BOOKMARK [2][-]{subsection.5.1.1}{\376\377\001\020\036\267\000t\000\040\000v\036\245\000n\000\040\001\021\036\301}{section.5.1}% 96
\BOOKMARK [2][-]{subsection.5.1.2}{\376\377\000G\000i\036\243\000i\000\040\000p\000h\000\341\000p\000\040\001\021\036\301\000\040\000x\000u\036\245\000t}{section.5.1}% 97
\BOOKMARK [2][-]{subsection.5.1.3}{\376\377\000K\036\277\000t\000\040\000q\000u\036\243}{section.5.1}% 98
\BOOKMARK [1][-]{section.5.2}{\376\377\000T\000h\000i\036\277\000t\000\040\000k\036\277\000\040\000b\036\331\000\040\000l\000u\036\255\000t\000\040\000c\000h\000u\036\251\000n\000\040\000h\000\363\000a\000\040\000v\036\333\000i\000\040\000T\000r\000a\000n\000s\000f\000o\000r\000m\000\040\000C\000h\000a\000i\000n\000\040\000c\000h\036\321\000n\000g\000\040\000E\000v\000a\000s\000i\000o\000n}{chapter.5}% 99
\BOOKMARK [2][-]{subsection.5.2.1}{\376\377\001\020\036\267\000t\000\040\000v\036\245\000n\000\040\001\021\036\301}{section.5.2}% 100
\BOOKMARK [2][-]{subsection.5.2.2}{\376\377\000G\000i\036\243\000i\000\040\000p\000h\000\341\000p\000\040\001\021\036\301\000\040\000x\000u\036\245\000t}{section.5.2}% 101
\BOOKMARK [2][-]{subsection.5.2.3}{\376\377\000K\036\277\000t\000\040\000q\000u\036\243}{section.5.2}% 102
\BOOKMARK [1][-]{section.5.3}{\376\377\000P\000i\000p\000e\000l\000i\000n\000e\000\040\000h\000u\036\245\000n\000\040\000l\000u\000y\036\307\000n\000\040\000M\000L\000\040\000c\000\363\000\040\000k\000i\036\303\000m\000\040\000s\000o\000\341\000t\000\040\000c\000h\036\245\000t\000\040\000l\001\260\036\343\000n\000g\000\040\000\050\000H\000a\000r\000d\000\040\000G\000a\000t\000e\000\051}{chapter.5}% 103
\BOOKMARK [2][-]{subsection.5.3.1}{\376\377\001\020\036\267\000t\000\040\000v\036\245\000n\000\040\001\021\036\301}{section.5.3}% 104
\BOOKMARK [2][-]{subsection.5.3.2}{\376\377\000G\000i\036\243\000i\000\040\000p\000h\000\341\000p\000\040\001\021\036\301\000\040\000x\000u\036\245\000t}{section.5.3}% 105
\BOOKMARK [2][-]{subsection.5.3.3}{\376\377\000K\036\277\000t\000\040\000q\000u\036\243}{section.5.3}% 106
\BOOKMARK [1][-]{section.5.4}{\376\377\000T\000h\000i\036\277\000t\000\040\000k\036\277\000\040\000i\000n\000t\000e\000r\000f\000a\000c\000e\000\040\000M\000L\000P\000r\000e\000d\000i\000c\000t\000o\000r\000\040\000t\000\341\000c\000h\000\040\000b\000i\036\307\000t\000\040\000E\000n\000g\000i\000n\000e\000\040\000v\000\340\000\040\000M\000L\000\040\000C\000l\000i\000e\000n\000t}{chapter.5}% 107
\BOOKMARK [2][-]{subsection.5.4.1}{\376\377\001\020\036\267\000t\000\040\000v\036\245\000n\000\040\001\021\036\301}{section.5.4}% 108
\BOOKMARK [2][-]{subsection.5.4.2}{\376\377\000G\000i\036\243\000i\000\040\000p\000h\000\341\000p\000\040\001\021\036\301\000\040\000x\000u\036\245\000t}{section.5.4}% 109
\BOOKMARK [2][-]{subsection.5.4.3}{\376\377\000L\036\343\000i\000\040\000\355\000c\000h}{section.5.4}% 110
\BOOKMARK [1][-]{section.5.5}{\376\377\000C\036\347\000n\000g\000\040\000c\036\321\000\040\000l\036\333\000p\000\040\000A\000u\000t\000h\000:\000\040\000b\036\313\000t\000\040\000l\036\327\000\040\000l\000e\000o\000\040\000t\000h\000a\000n\000g\000\040\001\021\036\267\000c\000\040\000q\000u\000y\036\301\000n\000\040\000v\000\340\000\040\000b\036\243\000o\000\040\000v\036\307\000\040\000I\000n\000v\000a\000r\000i\000a\000n\000t}{chapter.5}% 111
\BOOKMARK [2][-]{subsection.5.5.1}{\376\377\001\020\036\267\000t\000\040\000v\036\245\000n\000\040\001\021\036\301}{section.5.5}% 112
\BOOKMARK [2][-]{subsection.5.5.2}{\376\377\000G\000i\036\243\000i\000\040\000p\000h\000\341\000p\000\040\001\021\036\301\000\040\000x\000u\036\245\000t}{section.5.5}% 113
\BOOKMARK [2][-]{subsection.5.5.3}{\376\377\000K\036\277\000t\000\040\000q\000u\036\243}{section.5.5}% 114
\BOOKMARK [0][-]{chapter.6}{\376\377\000K\036\276\000T\000\040\000L\000U\036\254\000N\000\040\000V\000\300\000\040\000H\001\257\036\332\000N\000G\000\040\000P\000H\000\301\000T\000\040\000T\000R\000I\036\302\000N}{}% 115
\BOOKMARK [1][-]{section.6.1}{\376\377\000K\036\277\000t\000\040\000l\000u\036\255\000n}{chapter.6}% 116
\BOOKMARK [2][-]{subsection.6.1.1}{\376\377\000K\036\277\000t\000\040\000q\000u\036\243\000\040\001\021\036\241\000t\000\040\001\021\001\260\036\343\000c}{section.6.1}% 117
\BOOKMARK [2][-]{subsection.6.1.2}{\376\377\001\020\000\341\000n\000h\000\040\000g\000i\000\341\000\040\000s\000o\000\040\000v\036\333\000i\000\040\000m\036\345\000c\000\040\000t\000i\000\352\000u\000\040\000b\000a\000n\000\040\001\021\036\247\000u}{section.6.1}% 118
\BOOKMARK [2][-]{subsection.6.1.3}{\376\377\000H\036\241\000n\000\040\000c\000h\036\277}{section.6.1}% 119
\BOOKMARK [1][-]{section.6.2}{\376\377\000H\001\260\036\333\000n\000g\000\040\000p\000h\000\341\000t\000\040\000t\000r\000i\036\303\000n}{chapter.6}% 120
\BOOKMARK [2][-]{subsection.6.2.1}{\376\377\000H\001\260\036\333\000n\000g\000\040\000n\000g\036\257\000n\000\040\000h\036\241\000n\000\040\000\050\0001\040\023\0003\000\040\000t\000h\000\341\000n\000g\000\051}{section.6.2}% 121
\BOOKMARK [2][-]{subsection.6.2.2}{\376\377\000H\001\260\036\333\000n\000g\000\040\000t\000r\000u\000n\000g\000\040\000h\036\241\000n\000\040\000\050\0003\040\023\0001\0002\000\040\000t\000h\000\341\000n\000g\000\051}{section.6.2}% 122
\BOOKMARK [2][-]{subsection.6.2.3}{\376\377\000H\001\260\036\333\000n\000g\000\040\000d\000\340\000i\000\040\000h\036\241\000n\000\040\000\050\0001\0002\000\040\000t\000h\000\341\000n\000g\000\040\000t\000r\036\337\000\040\000l\000\352\000n\000\051}{section.6.2}% 123
\BOOKMARK [0][-]{section*.35}{\376\377\000T\000\300\000I\000\040\000L\000I\036\306\000U\000\040\000T\000H\000A\000M\000\040\000K\000H\036\242\000O}{}% 124
\BOOKMARK [0][-]{section*.36}{\376\377\000P\000H\036\344\000\040\000L\036\344\000C}{}% 125
\BOOKMARK [0][-]{chapter.1.A}{\376\377\000H\001\257\036\332\000N\000G\000\040\000D\036\252\000N\000\040\000V\000I\036\276\000T\000\040\001\020\036\322\000\040\000\301\000N\000\040\000T\036\320\000T\000\040\000N\000G\000H\000I\036\306\000P}{}% 126
\BOOKMARK [1][-]{section.1.A.1}{\376\377\000N\000g\000\340\000n\000h\000\040\000h\036\315\000c}{chapter.1.A}% 127
\BOOKMARK [1][-]{section.1.A.2}{\376\377\001\020\000\341\000n\000h\000\040\000d\036\245\000u\000\040\000\050\000b\000u\000l\000l\000e\000t\000\051\000\040\000v\000\340\000\040\001\021\000\341\000n\000h\000\040\000s\036\321\000\040\000\050\000n\000u\000m\000e\000r\000i\000n\000g\000\051}{chapter.1.A}% 128
\BOOKMARK [1][-]{section.1.A.3}{\376\377\000C\000\341\000c\000h\000\040\000t\000h\000\352\000m\000\040\000b\036\243\000n\000g}{chapter.1.A}% 129
\BOOKMARK [1][-]{section.1.A.4}{\376\377\000C\000h\000\350\000n\000\040\000h\000\354\000n\000h\000\040\036\243\000n\000h}{chapter.1.A}% 130
\BOOKMARK [1][-]{section.1.A.5}{\376\377\000T\000\340\000i\000\040\000l\000i\036\307\000u\000\040\000t\000h\000a\000m\000\040\000k\000h\036\243\000o}{chapter.1.A}% 131
\BOOKMARK [1][-]{section.1.A.6}{\376\377\000C\000\341\000c\000h\000\040\000v\000i\036\277\000t\000\040\000p\000h\001\260\001\241\000n\000g\000\040\000t\000r\000\354\000n\000h\000\040\000v\000\340\000\040\000c\000\364\000n\000g\000\040\000t\000h\036\351\000c\000\040\000t\000o\000\341\000n\000\040\000h\036\315\000c}{chapter.1.A}% 132
\BOOKMARK [1][-]{section.1.A.7}{\376\377\000Q\000u\000i\000\040\000c\000\341\000c\000h\000\040\001\021\000\363\000n\000g\000\040\000q\000u\000y\036\303\000n}{chapter.1.A}% 133
\BOOKMARK [0][-]{chapter.1.B}{\376\377\001\020\036\266\000C\000\040\000T\036\242\000\040\000U\000S\000E\000\040\000C\000A\000S\000E}{}% 134
\BOOKMARK [1][-]{section.1.B.1}{\376\377\001\020\036\267\000c\000\040\000t\036\243\000\040\000u\000s\000e\000\040\000c\000a\000s\000e\000\040\000`\000`\000T\000h\036\321\000n\000g\000\040\000k\000\352\000\040\000t\000\354\000n\000h\000\040\000h\000\354\000n\000h\000\040\000m\001\260\036\343\000n\000\040\000s\000\341\000c\000h\000'\000'}{chapter.1.B}% 135
\BOOKMARK [1][-]{section.1.B.2}{\376\377\001\020\036\267\000c\000\040\000t\036\243\000\040\000u\000s\000e\000\040\000c\000a\000s\000e\000\040\000`\000`\001\020\001\003\000n\000g\000\040\000k\000\375\000\040\000l\000\340\000m\000\040\000t\000h\036\273\000\040\000m\001\260\036\343\000n\000'\000'}{chapter.1.B}% 136
